$ /Users/pedro/adopta/node_modules/.bin/ariada scan http://127.0.0.1:58169/index.html --output-dir /Users/pedro/adopta/.worktrees/adopta-s120-axure/integrations/axure-ariada/scan-evidence/ariada-output --browser chromium --format both --severity-threshold critical --timeout-ms 30000 --domains accessibility,security,privacy,sustainability,structured-data,ai-readiness
target: http://127.0.0.1:58169/index.html
servedPublishDir: /Users/pedro/adopta/.worktrees/adopta-s120-axure/integrations/axure-ariada/fixtures/axure-export
exit: 1
stdout:
ariada multi-domain scan

site                               accessibility    privacy          security         ai-readiness     structured-data  sustainability 
---------------------------------------------------------------------------------------------------------------------------------------
http://127.0.0.1:58169/index.html  4 found          pass             3 found          3 found          pass             1 found        

Cross-domain interactions:
  [synergy] accessibility <-> structured-data on img:nth-of-type(10)
      Writing one description for this image supplies both the alt text and the structured-data image description, fixing both findings together.
  [conflict] accessibility <-> sustainability on img:nth-of-type(10)
      Compressing this image to cut page weight can reduce visual fidelity that alt text depends on; remediating one constraint affects the other.

Cross-site:
  systemic — accessibility/ariada/statement/page-link-from-footer on all 1 sites
  systemic — accessibility/ariada/statement/skip-link-from-every-page on all 1 sites
  systemic — accessibility/color-contrast on all 1 sites
  systemic — accessibility/image-alt on all 1 sites
  systemic — security/sec-csp-absent on all 1 sites
  systemic — security/sec-xcto-absent on all 1 sites
  systemic — security/sec-referrer-policy on all 1 sites
  systemic — ai-readiness/ai-readiness/robots-missing on all 1 sites
  systemic — ai-readiness/ai-readiness/llmstxt-missing on all 1 sites
  systemic — ai-readiness/ai-readiness/no-json-ld on all 1 sites
  systemic — sustainability/wsg-lazy-load on all 1 sites


stderr: