cwd: <worktree>
fixture: integrations/xd-ariada/fixtures/xd-selection.json
export: integrations/xd-ariada/scan-evidence/export/index.html
command: node packages/ariada-cli/dist/bin.js scan http://127.0.0.1:59164/ --format both --output-dir integrations/xd-ariada/scan-evidence/ariada-output --severity-threshold minor --browser chromium
url: http://127.0.0.1:59164/

# stdout
ariada multi-domain scan

site                     accessibility    privacy          security         ai-readiness     structured-data  sustainability
-----------------------------------------------------------------------------------------------------------------------------
http://127.0.0.1:59164/  5 found          pass             3 found          3 found          pass             1 found

Cross-domain interactions:
  [synergy] accessibility <-> structured-data on img.xd-node
      Writing one description for this image supplies both the alt text and the structured-data image description, fixing both findings together.
  [conflict] accessibility <-> sustainability on img.xd-node
      Compressing this image to cut page weight can reduce visual fidelity that alt text depends on; remediating one constraint affects the other.

Cross-site:
  systemic — accessibility/ariada/statement/page-link-from-footer on all 1 sites
  systemic — accessibility/ariada/statement/skip-link-from-every-page on all 1 sites
  systemic — accessibility/color-contrast on all 1 sites
  systemic — accessibility/image-alt on all 1 sites
  systemic — accessibility/page-has-heading-one on all 1 sites
  systemic — security/sec-csp-absent on all 1 sites
  systemic — security/sec-xcto-absent on all 1 sites
  systemic — security/sec-referrer-policy on all 1 sites
  systemic — ai-readiness/ai-readiness/robots-missing on all 1 sites
  systemic — ai-readiness/ai-readiness/llmstxt-missing on all 1 sites
  systemic — ai-readiness/ai-readiness/no-json-ld on all 1 sites
  systemic — sustainability/wsg-lazy-load on all 1 sites



# stderr
(empty)
